Archive member included to satisfy reference by file (symbol)

c:/program files (x86)/atmel/studio/7.0/toolchain/avr8/avr8-gnu-toolchain/bin/../lib/gcc/avr/5.4.0/../../../../avr/lib/avrxmega6\libm.a(addsf3.o)
                              src/main.o (__addsf3)
c:/program files (x86)/atmel/studio/7.0/toolchain/avr8/avr8-gnu-toolchain/bin/../lib/gcc/avr/5.4.0/../../../../avr/lib/avrxmega6\libm.a(addsf3x.o)
                              c:/program files (x86)/atmel/studio/7.0/toolchain/avr8/avr8-gnu-toolchain/bin/../lib/gcc/avr/5.4.0/../../../../avr/lib/avrxmega6\libm.a(addsf3.o) (__addsf3x)
c:/program files (x86)/atmel/studio/7.0/toolchain/avr8/avr8-gnu-toolchain/bin/../lib/gcc/avr/5.4.0/../../../../avr/lib/avrxmega6\libm.a(divsf3.o)
                              src/main.o (__divsf3)
c:/program files (x86)/atmel/studio/7.0/toolchain/avr8/avr8-gnu-toolchain/bin/../lib/gcc/avr/5.4.0/../../../../avr/lib/avrxmega6\libm.a(divsf3x.o)
                              c:/program files (x86)/atmel/studio/7.0/toolchain/avr8/avr8-gnu-toolchain/bin/../lib/gcc/avr/5.4.0/../../../../avr/lib/avrxmega6\libm.a(divsf3.o) (__divsf3x)
c:/program files (x86)/atmel/studio/7.0/toolchain/avr8/avr8-gnu-toolchain/bin/../lib/gcc/avr/5.4.0/../../../../avr/lib/avrxmega6\libm.a(fixsfsi.o)
                              src/main.o (__fixsfsi)
c:/program files (x86)/atmel/studio/7.0/toolchain/avr8/avr8-gnu-toolchain/bin/../lib/gcc/avr/5.4.0/../../../../avr/lib/avrxmega6\libm.a(fixunssfsi.o)
                              c:/program files (x86)/atmel/studio/7.0/toolchain/avr8/avr8-gnu-toolchain/bin/../lib/gcc/avr/5.4.0/../../../../avr/lib/avrxmega6\libm.a(fixsfsi.o) (__fixunssfsi)
c:/program files (x86)/atmel/studio/7.0/toolchain/avr8/avr8-gnu-toolchain/bin/../lib/gcc/avr/5.4.0/../../../../avr/lib/avrxmega6\libm.a(floatsisf.o)
                              src/main.o (__floatsisf)
c:/program files (x86)/atmel/studio/7.0/toolchain/avr8/avr8-gnu-toolchain/bin/../lib/gcc/avr/5.4.0/../../../../avr/lib/avrxmega6\libm.a(fp_inf.o)
                              c:/program files (x86)/atmel/studio/7.0/toolchain/avr8/avr8-gnu-toolchain/bin/../lib/gcc/avr/5.4.0/../../../../avr/lib/avrxmega6\libm.a(addsf3x.o) (__fp_inf)
c:/program files (x86)/atmel/studio/7.0/toolchain/avr8/avr8-gnu-toolchain/bin/../lib/gcc/avr/5.4.0/../../../../avr/lib/avrxmega6\libm.a(fp_nan.o)
                              c:/program files (x86)/atmel/studio/7.0/toolchain/avr8/avr8-gnu-toolchain/bin/../lib/gcc/avr/5.4.0/../../../../avr/lib/avrxmega6\libm.a(addsf3x.o) (__fp_nan)
c:/program files (x86)/atmel/studio/7.0/toolchain/avr8/avr8-gnu-toolchain/bin/../lib/gcc/avr/5.4.0/../../../../avr/lib/avrxmega6\libm.a(fp_pscA.o)
                              c:/program files (x86)/atmel/studio/7.0/toolchain/avr8/avr8-gnu-toolchain/bin/../lib/gcc/avr/5.4.0/../../../../avr/lib/avrxmega6\libm.a(addsf3x.o) (__fp_pscA)
c:/program files (x86)/atmel/studio/7.0/toolchain/avr8/avr8-gnu-toolchain/bin/../lib/gcc/avr/5.4.0/../../../../avr/lib/avrxmega6\libm.a(fp_pscB.o)
                              c:/program files (x86)/atmel/studio/7.0/toolchain/avr8/avr8-gnu-toolchain/bin/../lib/gcc/avr/5.4.0/../../../../avr/lib/avrxmega6\libm.a(addsf3x.o) (__fp_pscB)
c:/program files (x86)/atmel/studio/7.0/toolchain/avr8/avr8-gnu-toolchain/bin/../lib/gcc/avr/5.4.0/../../../../avr/lib/avrxmega6\libm.a(fp_round.o)
                              c:/program files (x86)/atmel/studio/7.0/toolchain/avr8/avr8-gnu-toolchain/bin/../lib/gcc/avr/5.4.0/../../../../avr/lib/avrxmega6\libm.a(addsf3.o) (__fp_round)
c:/program files (x86)/atmel/studio/7.0/toolchain/avr8/avr8-gnu-toolchain/bin/../lib/gcc/avr/5.4.0/../../../../avr/lib/avrxmega6\libm.a(fp_split3.o)
                              c:/program files (x86)/atmel/studio/7.0/toolchain/avr8/avr8-gnu-toolchain/bin/../lib/gcc/avr/5.4.0/../../../../avr/lib/avrxmega6\libm.a(addsf3x.o) (__fp_split3)
c:/program files (x86)/atmel/studio/7.0/toolchain/avr8/avr8-gnu-toolchain/bin/../lib/gcc/avr/5.4.0/../../../../avr/lib/avrxmega6\libm.a(fp_zero.o)
                              c:/program files (x86)/atmel/studio/7.0/toolchain/avr8/avr8-gnu-toolchain/bin/../lib/gcc/avr/5.4.0/../../../../avr/lib/avrxmega6\libm.a(addsf3x.o) (__fp_zero)
c:/program files (x86)/atmel/studio/7.0/toolchain/avr8/avr8-gnu-toolchain/bin/../lib/gcc/avr/5.4.0/../../../../avr/lib/avrxmega6\libm.a(gesf2.o)
                              src/main.o (__gtsf2)
c:/program files (x86)/atmel/studio/7.0/toolchain/avr8/avr8-gnu-toolchain/bin/../lib/gcc/avr/5.4.0/../../../../avr/lib/avrxmega6\libm.a(mulsf3.o)
                              src/main.o (__mulsf3)
c:/program files (x86)/atmel/studio/7.0/toolchain/avr8/avr8-gnu-toolchain/bin/../lib/gcc/avr/5.4.0/../../../../avr/lib/avrxmega6\libm.a(mulsf3x.o)
                              c:/program files (x86)/atmel/studio/7.0/toolchain/avr8/avr8-gnu-toolchain/bin/../lib/gcc/avr/5.4.0/../../../../avr/lib/avrxmega6\libm.a(mulsf3.o) (__mulsf3x)
[...]
Memory Configuration

Name             Origin             Length             Attributes
text             0x00000000         0x00100000         xr
data             0x00802000         0x0000ffa0         rw !x
eeprom           0x00810000         0x00010000         rw !x
fuse             0x00820000         0x00000006         rw !x
lock             0x00830000         0x00000400         rw !x
signature        0x00840000         0x00000400         rw !x
user_signatures  0x00850000         0x00000400         rw !x
*default*        0x00000000         0xffffffff

Linker script and memory map

LOAD C:/Program Files (x86)/Atmel/Studio/7.0/Packs/atmel/XMEGAA_DFP/1.1.68/gcc/dev/atxmega256a3bu/avrxmega6/crtatxmega256a3bu.o
LOAD src/ASF/common/components/display/st7565r/st7565r.o
LOAD src/ASF/common/services/clock/xmega/sysclk.o
LOAD src/ASF/common/services/gfx_mono/gfx_mono_c12832_a1z.o
LOAD src/ASF/common/services/gfx_mono/gfx_mono_framebuffer.o
LOAD src/ASF/common/services/gfx_mono/gfx_mono_generic.o
LOAD src/ASF/common/services/gfx_mono/gfx_mono_menu.o
LOAD src/ASF/common/services/gfx_mono/gfx_mono_text.o
LOAD src/ASF/common/services/gfx_mono/sysfont.o
LOAD src/ASF/common/services/ioport/xmega/ioport_compat.o
LOAD src/ASF/common/services/sleepmgr/xmega/sleepmgr.o
LOAD src/ASF/common/services/spi/xmega_spi/spi_master.o
LOAD src/ASF/common/services/spi/xmega_usart_spi/usart_spi.o
LOAD src/ASF/xmega/boards/xmega_a3bu_xplained/init.o
LOAD src/ASF/xmega/drivers/adc/adc.o
LOAD src/ASF/xmega/drivers/adc/xmega_aau/adc_aau.o
LOAD src/ASF/xmega/drivers/cpu/ccp.o
LOAD src/ASF/xmega/drivers/nvm/nvm.o
LOAD src/ASF/xmega/drivers/nvm/nvm_asm.o
LOAD src/ASF/xmega/drivers/spi/spi.o
LOAD src/ASF/xmega/drivers/twi/twim.o
LOAD src/ASF/xmega/drivers/twi/twis.o
LOAD src/ASF/xmega/drivers/usart/usart.o
LOAD src/FreeRTOS/croutine.o
LOAD src/FreeRTOS/event_groups.o
LOAD src/FreeRTOS/list.o
LOAD src/FreeRTOS/portable/GCC/ATXMega256A3BU/port.o
LOAD src/FreeRTOS/portable/MemMang/heap_3.o
LOAD src/FreeRTOS/queue.o
LOAD src/FreeRTOS/stream_buffer.o
LOAD src/FreeRTOS/tasks.o
LOAD src/FreeRTOS/timers.o
LOAD src/main.o
START GROUP
LOAD c:/program files (x86)/atmel/studio/7.0/toolchain/avr8/avr8-gnu-toolchain/bin/../lib/gcc/avr/5.4.0/../../../../avr/lib/avrxmega6\libm.a
END GROUP
Address of section .BOOT set to 0x40000
START GROUP
LOAD c:/program files (x86)/atmel/studio/7.0/toolchain/avr8/avr8-gnu-toolchain/bin/../lib/gcc/avr/5.4.0/avrxmega6\libgcc.a
LOAD c:/program files (x86)/atmel/studio/7.0/toolchain/avr8/avr8-gnu-toolchain/bin/../lib/gcc/avr/5.4.0/../../../../avr/lib/avrxmega6\libm.a
LOAD c:/program files (x86)/atmel/studio/7.0/toolchain/avr8/avr8-gnu-toolchain/bin/../lib/gcc/avr/5.4.0/../../../../avr/lib/avrxmega6\libc.a
LOAD C:/Program Files (x86)/Atmel/Studio/7.0/Packs/atmel/XMEGAA_DFP/1.1.68/gcc/dev/atxmega256a3bu/avrxmega6\libatxmega256a3bu.a
END GROUP
                0x00000000                __TEXT_REGION_ORIGIN__ = DEFINED (__TEXT_REGION_ORIGIN__)?__TEXT_REGION_ORIGIN__:0x0
                0x00802000                __DATA_REGION_ORIGIN__ = DEFINED (__DATA_REGION_ORIGIN__)?__DATA_REGION_ORIGIN__:0x802000
                0x00100000                __TEXT_REGION_LENGTH__ = DEFINED (__TEXT_REGION_LENGTH__)?__TEXT_REGION_LENGTH__:0x100000
                0x0000ffa0                __DATA_REGION_LENGTH__ = DEFINED (__DATA_REGION_LENGTH__)?__DATA_REGION_LENGTH__:0xffa0
                0x00010000                __EEPROM_REGION_LENGTH__ = DEFINED (__EEPROM_REGION_LENGTH__)?__EEPROM_REGION_LENGTH__:0x10000
                [0x00000006]                __FUSE_REGION_LENGTH__ = DEFINED (__FUSE_REGION_LENGTH__)?__FUSE_REGION_LENGTH__:0x400
                0x00000400                __LOCK_REGION_LENGTH__ = DEFINED (__LOCK_REGION_LENGTH__)?__LOCK_REGION_LENGTH__:0x400
                0x00000400                __SIGNATURE_REGION_LENGTH__ = DEFINED (__SIGNATURE_REGION_LENGTH__)?__SIGNATURE_REGION_LENGTH__:0x400
                0x00000400                __USER_SIGNATURE_REGION_LENGTH__ = DEFINED (__USER_SIGNATURE_REGION_LENGTH__)?__USER_SIGNATURE_REGION_LENGTH__:0x400

.hash
 *(.hash)

.dynsym
 *(.dynsym)

.dynstr
 *(.dynstr)

.gnu.version
 *(.gnu.version)

.gnu.version_d
 *(.gnu.version_d)

.gnu.version_r
 *(.gnu.version_r)

.rel.init
 *(.rel.init)

.rela.init
 *(.rela.init)

.rel.text
 *(.rel.text)
 *(.rel.text.*)
 *(.rel.gnu.linkonce.t*)

.rela.text
 *(.rela.text)
 *(.rela.text.*)
 *(.rela.gnu.linkonce.t*)

.rel.fini
 *(.rel.fini)

.rela.fini
 *(.rela.fini)

.rel.rodata
 *(.rel.rodata)
 *(.rel.rodata.*)
 *(.rel.gnu.linkonce.r*)

.rela.rodata
 *(.rela.rodata)
 *(.rela.rodata.*)
 *(.rela.gnu.linkonce.r*)

.rel.data
 *(.rel.data)
 *(.rel.data.*)
 *(.rel.gnu.linkonce.d*)

.rela.data
 *(.rela.data)
 *(.rela.data.*)
 *(.rela.gnu.linkonce.d*)

.rel.ctors
 *(.rel.ctors)

.rela.ctors
 *(.rela.ctors)

.rel.dtors
 *(.rel.dtors)

.rela.dtors
 *(.rela.dtors)

.rel.got
 *(.rel.got)

.rela.got
 *(.rela.got)

.rel.bss
 *(.rel.bss)

.rela.bss
 *(.rela.bss)

.rel.plt
 *(.rel.plt)

.rela.plt
 *(.rela.plt)

.text           0x00000000     0x46c8
 *(.vectors)
 .vectors       0x00000000      0x1fc C:/Program Files (x86)/Atmel/Studio/7.0/Packs/atmel/XMEGAA_DFP/1.1.68/gcc/dev/atxmega256a3bu/avrxmega6/crtatxmega256a3bu.o
                0x00000000                __vector_default
                0x00000000                __vectors
 *(.vectors)
 *(.progmem.gcc*)
 .progmem.gcc_sw_table.prvTimerTask
                0x000001fc       0x14 src/FreeRTOS/timers.o
                0x00000210                . = ALIGN (0x2)
                0x00000210                __trampolines_start = .
 *(.trampolines)
 .trampolines   0x00000210        0x0 linker stubs
 *(.trampolines*)
                0x00000210                __trampolines_end = .
 *libprintf_flt.a:*(.progmem.data)
 *libc.a:*(.progmem.data)
 *(.progmem*)
 .progmem.data.sysfont_glyphs
                0x00000210      0x292 src/ASF/common/services/gfx_mono/sysfont.o
                0x000004a2                . = ALIGN (0x2)
 *(.jumptables)
 *(.jumptables*)
 *(.lowtext)
 *(.lowtext*)
                0x000004a2                __ctors_start = .
 *(.ctors)
                0x000004a2                __ctors_end = .
                0x000004a2                __dtors_start = .
 *(.dtors)
                0x000004a2                __dtors_end = .
 SORT(*)(.ctors)
 SORT(*)(.dtors)
 *(.init0)
 .init0         0x000004a2        0x0 C:/Program Files (x86)/Atmel/Studio/7.0/Packs/atmel/XMEGAA_DFP/1.1.68/gcc/dev/atxmega256a3bu/avrxmega6/crtatxmega256a3bu.o
                0x000004a2                __init
 *(.init0)
 *(.init1)
 *(.init1)
 *(.init2)
 .init2         0x000004a2       0x10 C:/Program Files (x86)/Atmel/Studio/7.0/Packs/atmel/XMEGAA_DFP/1.1.68/gcc/dev/atxmega256a3bu/avrxmega6/crtatxmega256a3bu.o
 *(.init2)
 *(.init3)
 *(.init3)
 *(.init4)
 .init4         0x000004b2       0x1a c:/program files (x86)/atmel/studio/7.0/toolchain/avr8/avr8-gnu-toolchain/bin/../lib/gcc/avr/5.4.0/avrxmega6\libgcc.a(_copy_data.o)
                0x000004b2                __do_copy_data
 .init4         0x000004cc       0x10 c:/program files (x86)/atmel/studio/7.0/toolchain/avr8/avr8-gnu-toolchain/bin/../lib/gcc/avr/5.4.0/avrxmega6\libgcc.a(_clear_bss.o)
                0x000004cc                __do_clear_bss
 *(.init4)
 *(.init5)
 *(.init5)
 *(.init6)
 *(.init6)
 *(.init7)
 *(.init7)
 *(.init8)
 *(.init8)
 *(.init9)
 .init9         0x000004dc        0x8 C:/Program Files (x86)/Atmel/Studio/7.0/Packs/atmel/XMEGAA_DFP/1.1.68/gcc/dev/atxmega256a3bu/avrxmega6/crtatxmega256a3bu.o
 *(.init9)
 *(.text)
 .text          0x000004e4        0x2 C:/Program Files (x86)/Atmel/Studio/7.0/Packs/atmel/XMEGAA_DFP/1.1.68/gcc/dev/atxmega256a3bu/avrxmega6/crtatxmega256a3bu.o
                0x000004e4                __vector_38
                0x000004e4                __vector_104
                0x000004e4                __vector_22
                0x000004e4                __vector_63
                0x000004e4                __vector_28
                0x000004e4                __vector_67
                0x000004e4                __vector_1
                0x000004e4                __vector_119
                0x000004e4                __vector_32
                0x000004e4                __vector_75
                0x000004e4                __vector_91
                0x000004e4                __vector_34
                0x000004e4                __vector_62
                0x000004e4                __vector_77
                0x000004e4                __vector_102
                0x000004e4                __vector_24
                0x000004e4                __vector_12
                0x000004e4                __vector_55
                0x000004e4                __vector_69
                0x000004e4                __vector_81
                0x000004e4                __vector_90
                0x000004e4                __bad_interrupt
                0x000004e4                __vector_122
                0x000004e4                __vector_114
                0x000004e4                __vector_6
                0x000004e4                __vector_110
                0x000004e4                __vector_31
                0x000004e4                __vector_92
                0x000004e4                __vector_35
                0x000004e4                __vector_78
                0x000004e4                __vector_117
                0x000004e4                __vector_107
                0x000004e4                __vector_3
                0x000004e4                __vector_105
                0x000004e4                __vector_98
                0x000004e4                __vector_23
                0x000004e4                __vector_68
                0x000004e4                __vector_30
                0x000004e4                __vector_45
                0x000004e4                __vector_25
                0x000004e4                __vector_93
                0x000004e4                __vector_61
                0x000004e4                __vector_11
                0x000004e4                __vector_54
                0x000004e4                __vector_99
                0x000004e4                __vector_17
                0x000004e4                __vector_19
                0x000004e4                __vector_56
                0x000004e4                __vector_7
                0x000004e4                __vector_125
                0x000004e4                __vector_49
                0x000004e4                __vector_123
                0x000004e4                __vector_86
                0x000004e4                __vector_100
                0x000004e4                __vector_101
                0x000004e4                __vector_64
                0x000004e4                __vector_88
                0x000004e4                __vector_109
                0x000004e4                __vector_43
                0x000004e4                __vector_27
                0x000004e4                __vector_5
                0x000004e4                __vector_113
                0x000004e4                __vector_33
                0x000004e4                __vector_76
                0x000004e4                __vector_115
                0x000004e4                __vector_47
                0x000004e4                __vector_52
                0x000004e4                __vector_37
                0x000004e4                __vector_95
                0x000004e4                __vector_103
                0x000004e4                __vector_96
                0x000004e4                __vector_89
                0x000004e4                __vector_108
                0x000004e4                __vector_4
                0x000004e4                __vector_44
                0x000004e4                __vector_82
                0x000004e4                __vector_106
                0x000004e4                __vector_118
                0x000004e4                __vector_51
                0x000004e4                __vector_9
                0x000004e4                __vector_2
                0x000004e4                __vector_21
                0x000004e4                __vector_15
                0x000004e4                __vector_66
                0x000004e4                __vector_36
                0x000004e4                __vector_79
                0x000004e4                __vector_58
                0x000004e4                __vector_70
                0x000004e4                __vector_83
                0x000004e4                __vector_29
                0x000004e4                __vector_60
                0x000004e4                __vector_121
                0x000004e4                __vector_85
                0x000004e4                __vector_94
                0x000004e4                __vector_126
                0x000004e4                __vector_8
                0x000004e4                __vector_26
                0x000004e4                __vector_48
                0x000004e4                __vector_124
                0x000004e4                __vector_116
                0x000004e4                __vector_112
                0x000004e4                __vector_111
                0x000004e4                __vector_80
                0x000004e4                __vector_84
                0x000004e4                __vector_57
                0x000004e4                __vector_53
                0x000004e4                __vector_10
                0x000004e4                __vector_50
                0x000004e4                __vector_16
                0x000004e4                __vector_59
                0x000004e4                __vector_18
                0x000004e4                __vector_97
                0x000004e4                __vector_20
                0x000004e4                __vector_87
                0x000004e4                __vector_65
                0x000004e4                __vector_120
                0x000004e6                . = ALIGN (0x2)
 *(.text.*)
 .text.__portable_avr_delay_cycles
                0x000004e6       0x16 src/ASF/common/components/display/st7565r/st7565r.o
 .text.st7565r_init
                0x000004fc      0x388 src/ASF/common/components/display/st7565r/st7565r.o
                0x000004fc                st7565r_init
 .text.sysclk_init
                0x00000884       0x20 src/ASF/common/services/clock/xmega/sysclk.o
                0x00000884                sysclk_init
 .text.sysclk_enable_module
                0x000008a4       0x2c src/ASF/common/services/clock/xmega/sysclk.o
                0x000008a4                sysclk_enable_module
 .text.sysclk_disable_module
                0x000008d0       0x2a src/ASF/common/services/clock/xmega/sysclk.o
                0x000008d0                sysclk_disable_module
 .text.gfx_mono_st7565r_put_byte
                0x000008fa      0x14e src/ASF/common/services/gfx_mono/gfx_mono_c12832_a1z.o
                0x000008fa                gfx_mono_st7565r_put_byte
 .text.gfx_mono_st7565r_init
                0x00000a48       0x84 src/ASF/common/services/gfx_mono/gfx_mono_c12832_a1z.o
                0x00000a48                gfx_mono_st7565r_init
 .text.gfx_mono_st7565r_draw_pixel
                0x00000acc       0x6c src/ASF/common/services/gfx_mono/gfx_mono_c12832_a1z.o
                0x00000acc                gfx_mono_st7565r_draw_pixel
 .text.gfx_mono_st7565r_get_byte
                0x00000b38        0x4 src/ASF/common/services/gfx_mono/gfx_mono_c12832_a1z.o
                0x00000b38                gfx_mono_st7565r_get_byte
 .text.gfx_mono_set_framebuffer
                0x00000b3c        0xa src/ASF/common/services/gfx_mono/gfx_mono_framebuffer.o
                0x00000b3c                gfx_mono_set_framebuffer
 .text.gfx_mono_framebuffer_put_byte
                0x00000b46       0x1c src/ASF/common/services/gfx_mono/gfx_mono_framebuffer.o
                0x00000b46                gfx_mono_framebuffer_put_byte
 .text.gfx_mono_framebuffer_get_byte
                0x00000b62       0x1c src/ASF/common/services/gfx_mono/gfx_mono_framebuffer.o
                0x00000b62                gfx_mono_framebuffer_get_byte
 .text.gfx_mono_generic_draw_horizontal_line
                0x00000b7e       0xc4 src/ASF/common/services/gfx_mono/gfx_mono_generic.o
                0x00000b7e                gfx_mono_generic_draw_horizontal_line
 .text.gfx_mono_generic_draw_filled_rect
                0x00000c42       0x34 src/ASF/common/services/gfx_mono/gfx_mono_generic.o
                0x00000c42                gfx_mono_generic_draw_filled_rect
 .text.gfx_mono_draw_char
                0x00000c76       0xba src/ASF/common/services/gfx_mono/gfx_mono_text.o
                0x00000c76                gfx_mono_draw_char
 .text.gfx_mono_draw_string
                0x00000d30       0x52 src/ASF/common/services/gfx_mono/gfx_mono_text.o
                0x00000d30                gfx_mono_draw_string
 .text.ioport_configure_port_pin
                0x00000d82       0x4e src/ASF/common/services/ioport/xmega/ioport_compat.o
                0x00000d82                ioport_configure_port_pin
 .text.usart_spi_init
                0x00000dd0       0x5e src/ASF/common/services/spi/xmega_usart_spi/usart_spi.o
                0x00000dd0                usart_spi_init
 .text.usart_spi_setup_device
                0x00000e2e       0x34 src/ASF/common/services/spi/xmega_usart_spi/usart_spi.o
                0x00000e2e                usart_spi_setup_device
 .text.usart_spi_select_device
                0x00000e62       0x2c src/ASF/common/services/spi/xmega_usart_spi/usart_spi.o
                0x00000e62                usart_spi_select_device
 .text.usart_spi_deselect_device
                0x00000e8e       0x2c src/ASF/common/services/spi/xmega_usart_spi/usart_spi.o
                0x00000e8e                usart_spi_deselect_device
 .text.board_init
                0x00000eba      0x13a src/ASF/xmega/boards/xmega_a3bu_xplained/init.o
                0x00000eba                board_init
 .text.adc_enable_clock
                0x00000ff4       0x3e src/ASF/xmega/drivers/adc/adc.o
                0x00000ff4                adc_enable_clock
 .text.adc_disable_clock
                0x00001032       0x3a src/ASF/xmega/drivers/adc/adc.o
                0x00001032                adc_disable_clock
 .text.adc_enable
                0x0000106c       0x58 src/ASF/xmega/drivers/adc/adc.o
                0x0000106c                adc_enable
 .text.adc_disable
                0x000010c4       0x4c src/ASF/xmega/drivers/adc/adc.o
                0x000010c4                adc_disable
 .text.__vector_71
                0x00001110       0x64 src/ASF/xmega/drivers/adc/xmega_aau/adc_aau.o
                0x00001110                __vector_71
 .text.__vector_72
                0x00001174       0x64 src/ASF/xmega/drivers/adc/xmega_aau/adc_aau.o
                0x00001174                __vector_72
 .text.__vector_73
                0x000011d8       0x64 src/ASF/xmega/drivers/adc/xmega_aau/adc_aau.o
                0x000011d8                __vector_73
 .text.__vector_74
                0x0000123c       0x64 src/ASF/xmega/drivers/adc/xmega_aau/adc_aau.o
                0x0000123c                __vector_74
 .text.__vector_39
                0x000012a0       0x64 src/ASF/xmega/drivers/adc/xmega_aau/adc_aau.o
                0x000012a0                __vector_39
 .text.__vector_40
                0x00001304       0x64 src/ASF/xmega/drivers/adc/xmega_aau/adc_aau.o
                0x00001304                __vector_40
 .text.__vector_41
                0x00001368       0x64 src/ASF/xmega/drivers/adc/xmega_aau/adc_aau.o
                0x00001368                __vector_41
 .text.__vector_42
                0x000013cc       0x64 src/ASF/xmega/drivers/adc/xmega_aau/adc_aau.o
                0x000013cc                __vector_42
 .text.adc_write_configuration
                0x00001430       0xcc src/ASF/xmega/drivers/adc/xmega_aau/adc_aau.o
                0x00001430                adc_write_configuration
 .text.adc_read_configuration
                0x000014fc       0x72 src/ASF/xmega/drivers/adc/xmega_aau/adc_aau.o
                0x000014fc                adc_read_configuration
 .text.adcch_write_configuration
                0x0000156e       0x96 src/ASF/xmega/drivers/adc/xmega_aau/adc_aau.o
                0x0000156e                adcch_write_configuration
 .text.adcch_read_configuration
                0x00001604       0x96 src/ASF/xmega/drivers/adc/xmega_aau/adc_aau.o
                0x00001604                adcch_read_configuration
 .text.nvm_read_byte
                0x0000169a       0x14 src/ASF/xmega/drivers/nvm/nvm_asm.o
                0x0000169a                nvm_read_byte
 .text.twim_interrupt_handler
                0x000016ae      0x12e src/ASF/xmega/drivers/twi/twim.o
 .text.__vector_13
                0x000017dc       0x4e src/ASF/xmega/drivers/twi/twim.o
                0x000017dc                __vector_13
 .text.__vector_46
                0x0000182a       0x4e src/ASF/xmega/drivers/twi/twim.o
                0x0000182a                __vector_46
 .text.usart_set_baudrate
                0x00001878      0x226 src/ASF/xmega/drivers/usart/usart.o
                0x00001878                usart_set_baudrate
 .text.usart_init_rs232
                0x00001a9e      0x25c src/ASF/xmega/drivers/usart/usart.o
                0x00001a9e                usart_init_rs232
 .text.usart_spi_set_baudrate
                0x00001cfa       0x64 src/ASF/xmega/drivers/usart/usart.o
                0x00001cfa                usart_spi_set_baudrate
 .text.usart_init_spi
                0x00001d5e      0x402 src/ASF/xmega/drivers/usart/usart.o
                0x00001d5e                usart_init_spi
 .text.vListInitialise
                0x00002160       0x1c src/FreeRTOS/list.o
                0x00002160                vListInitialise
 .text.vListInitialiseItem
                0x0000217c        0x8 src/FreeRTOS/list.o
                0x0000217c                vListInitialiseItem
 .text.vListInsertEnd
                0x00002184       0x42 src/FreeRTOS/list.o
                0x00002184                vListInsertEnd
 .text.vListInsert
                0x000021c6       0x62 src/FreeRTOS/list.o
                0x000021c6                vListInsert
 .text.uxListRemove
                0x00002228       0x4e src/FreeRTOS/list.o
                0x00002228                uxListRemove
 .text.pxPortInitialiseStack
                0x00002276       0xee src/FreeRTOS/portable/GCC/ATXMega256A3BU/port.o
                0x00002276                pxPortInitialiseStack
 .text.xPortStartScheduler
                0x00002364       0x8a src/FreeRTOS/portable/GCC/ATXMega256A3BU/port.o
                0x00002364                xPortStartScheduler
 .text.vPortYield
                0x000023ee       0xb0 src/FreeRTOS/portable/GCC/ATXMega256A3BU/port.o
                0x000023ee                vPortYield
 .text.__vector_14
                0x0000249e       0xb4 src/FreeRTOS/portable/GCC/ATXMega256A3BU/port.o
                0x0000249e                __vector_14
 .text.pvPortMalloc
                0x00002552       0x1a src/FreeRTOS/portable/MemMang/heap_3.o
                0x00002552                pvPortMalloc
 .text.vPortFree
                0x0000256c       0x1a src/FreeRTOS/portable/MemMang/heap_3.o
                0x0000256c                vPortFree
 .text.prvIsQueueEmpty
                0x00002586       0x16 src/FreeRTOS/queue.o
 .text.prvCopyDataToQueue
                0x0000259c       0x92 src/FreeRTOS/queue.o
 .text.prvCopyDataFromQueue
                0x0000262e       0x34 src/FreeRTOS/queue.o
 .text.prvUnlockQueue
                0x00002662       0x92 src/FreeRTOS/queue.o
 .text.xQueueGenericReset
                0x000026f4       0x84 src/FreeRTOS/queue.o
                0x000026f4                xQueueGenericReset
 .text.xQueueGenericCreate
                0x00002778       0x42 src/FreeRTOS/queue.o
                0x00002778                xQueueGenericCreate
 .text.xQueueGenericSend
                0x000027ba      0x11a src/FreeRTOS/queue.o
                0x000027ba                xQueueGenericSend
 .text.xQueueGenericSendFromISR
                0x000028d4       0x74 src/FreeRTOS/queue.o
                0x000028d4                xQueueGenericSendFromISR
 .text.xQueueReceive
                0x00002948      0x108 src/FreeRTOS/queue.o
                0x00002948                xQueueReceive
 .text.vQueueWaitForMessageRestricted
                0x00002a50       0x36 src/FreeRTOS/queue.o
                0x00002a50                vQueueWaitForMessageRestricted
 .text.prvResetNextTaskUnblockTime
                0x00002a86       0x3e src/FreeRTOS/tasks.o
 .text.prvIdleTask
                0x00002ac4        0xe src/FreeRTOS/tasks.o
 .text.prvAddCurrentTaskToDelayedList
                0x00002ad2       0x82 src/FreeRTOS/tasks.o
 .text.xTaskCreate
                0x00002b54      0x1fe src/FreeRTOS/tasks.o
                0x00002b54                xTaskCreate
 .text.vTaskStartScheduler
                0x00002d52       0x56 src/FreeRTOS/tasks.o
                0x00002d52                vTaskStartScheduler
 .text.vTaskSuspendAll
                0x00002da8        0xc src/FreeRTOS/tasks.o
                0x00002da8                vTaskSuspendAll
 .text.xTaskGetTickCount
                0x00002db4       0x14 src/FreeRTOS/tasks.o
                0x00002db4                xTaskGetTickCount
 .text.xTaskIncrementTick
                0x00002dc8      0x170 src/FreeRTOS/tasks.o
                0x00002dc8                xTaskIncrementTick
 .text.xTaskResumeAll
                0x00002f38       0xfa src/FreeRTOS/tasks.o
                0x00002f38                xTaskResumeAll
 .text.vTaskSwitchContext
                0x00003032       0xcc src/FreeRTOS/tasks.o
                0x00003032                vTaskSwitchContext
 .text.vTaskPlaceOnEventList
                0x000030fe       0x20 src/FreeRTOS/tasks.o
                0x000030fe                vTaskPlaceOnEventList
 .text.vTaskPlaceOnEventListRestricted
                0x0000311e       0x2e src/FreeRTOS/tasks.o
                0x0000311e                vTaskPlaceOnEventListRestricted
 .text.xTaskRemoveFromEventList
                0x0000314c       0x8c src/FreeRTOS/tasks.o
                0x0000314c                xTaskRemoveFromEventList
 .text.vTaskInternalSetTimeOutState
                0x000031d8       0x16 src/FreeRTOS/tasks.o
                0x000031d8                vTaskInternalSetTimeOutState
 .text.xTaskCheckForTimeOut
                0x000031ee       0x56 src/FreeRTOS/tasks.o
                0x000031ee                xTaskCheckForTimeOut
 .text.vTaskMissedYield
                0x00003244        0x8 src/FreeRTOS/tasks.o
                0x00003244                vTaskMissedYield
 .text.xTaskGetSchedulerState
                0x0000324c       0x1c src/FreeRTOS/tasks.o
                0x0000324c                xTaskGetSchedulerState
 .text.prvInsertTimerInActiveList
                0x00003268       0x5e src/FreeRTOS/timers.o
 .text.prvCheckForValidListAndQueue
                0x000032c6       0x50 src/FreeRTOS/timers.o
 .text.xTimerCreateTimerTask
                0x00003316       0x40 src/FreeRTOS/timers.o
                0x00003316                xTimerCreateTimerTask
 .text.xTimerGenericCommand
                0x00003356       0x84 src/FreeRTOS/timers.o
                0x00003356                xTimerGenericCommand
 .text.prvSampleTimeNow
                0x000033da       0xdc src/FreeRTOS/timers.o
 .text.prvTimerTask
                0x000034b6      0x1e8 src/FreeRTOS/timers.o
 .text.__portable_avr_delay_cycles
                0x0000369e       0x16 src/main.o
 .text.sendChar
                0x000036b4       0x10 src/main.o
 .text.control_led
                0x000036c4      0x1ec src/main.o
 .text.main     0x000038b0      0x136 src/main.o
                0x000038b0                main
 .text.avr-libc.fplib
                0x000039e6        0xa c:/program files (x86)/atmel/studio/7.0/toolchain/avr8/avr8-gnu-toolchain/bin/../lib/gcc/avr/5.4.0/../../../../avr/lib/avrxmega6\libm.a(addsf3.o)
                0x000039e6                __subsf3
                0x000039e8                __addsf3
 .text.avr-libc.fplib
                0x000039f0       0xc0 c:/program files (x86)/atmel/studio/7.0/toolchain/avr8/avr8-gnu-toolchain/bin/../lib/gcc/avr/5.4.0/../../../../avr/lib/avrxmega6\libm.a(addsf3x.o)
                0x00003a0a                __addsf3x
 .text.avr-libc.fplib
                0x00003ab0        0x4 c:/program files (x86)/atmel/studio/7.0/toolchain/avr8/avr8-gnu-toolchain/bin/../lib/gcc/avr/5.4.0/../../../../avr/lib/avrxmega6\libm.a(divsf3.o)
                0x00003ab0                __divsf3
 .text.avr-libc.fplib
                0x00003ab4       0xcc c:/program files (x86)/atmel/studio/7.0/toolchain/avr8/avr8-gnu-toolchain/bin/../lib/gcc/avr/5.4.0/../../../../avr/lib/avrxmega6\libm.a(divsf3x.o)
                0x00003aca                __divsf3x
                0x00003ace                __divsf3_pse
 .text.avr-libc.fplib
                0x00003b80        0xa c:/program files (x86)/atmel/studio/7.0/toolchain/avr8/avr8-gnu-toolchain/bin/../lib/gcc/avr/5.4.0/../../../../avr/lib/avrxmega6\libm.a(fixsfsi.o)
                0x00003b80                __fixsfsi
 .text.avr-libc.fplib
                0x00003b8a       0x58 c:/program files (x86)/atmel/studio/7.0/toolchain/avr8/avr8-gnu-toolchain/bin/../lib/gcc/avr/5.4.0/../../../../avr/lib/avrxmega6\libm.a(fixunssfsi.o)
                0x00003b8a                __fixunssfsi
 .text.avr-libc.fplib
                0x00003be2       0x7a c:/program files (x86)/atmel/studio/7.0/toolchain/avr8/avr8-gnu-toolchain/bin/../lib/gcc/avr/5.4.0/../../../../avr/lib/avrxmega6\libm.a(floatsisf.o)
                0x00003be2                __floatunsisf
                0x00003be6                __floatsisf
 .text.avr-libc.fplib
                0x00003c5c        0xc c:/program files (x86)/atmel/studio/7.0/toolchain/avr8/avr8-gnu-toolchain/bin/../lib/gcc/avr/5.4.0/../../../../avr/lib/avrxmega6\libm.a(fp_inf.o)
                0x00003c5c                __fp_inf
 .text.avr-libc.fplib
                0x00003c68        0x6 c:/program files (x86)/atmel/studio/7.0/toolchain/avr8/avr8-gnu-toolchain/bin/../lib/gcc/avr/5.4.0/../../../../avr/lib/avrxmega6\libm.a(fp_nan.o)
                0x00003c68                __fp_nan
 .text.avr-libc.fplib
                0x00003c6e        0xe c:/program files (x86)/atmel/studio/7.0/toolchain/avr8/avr8-gnu-toolchain/bin/../lib/gcc/avr/5.4.0/../../../../avr/lib/avrxmega6\libm.a(fp_pscA.o)
                0x00003c6e                __fp_pscA
 .text.avr-libc.fplib
                0x00003c7c        0xe c:/program files (x86)/atmel/studio/7.0/toolchain/avr8/avr8-gnu-toolchain/bin/../lib/gcc/avr/5.4.0/../../../../avr/lib/avrxmega6\libm.a(fp_pscB.o)
                0x00003c7c                __fp_pscB
 .text.avr-libc.fplib
                0x00003c8a       0x22 c:/program files (x86)/atmel/studio/7.0/toolchain/avr8/avr8-gnu-toolchain/bin/../lib/gcc/avr/5.4.0/../../../../avr/lib/avrxmega6\libm.a(fp_round.o)
                0x00003c8a                __fp_round
 .text.avr-libc.fplib
                0x00003cac       0x44 c:/program files (x86)/atmel/studio/7.0/toolchain/avr8/avr8-gnu-toolchain/bin/../lib/gcc/avr/5.4.0/../../../../avr/lib/avrxmega6\libm.a(fp_split3.o)
                0x00003cac                __fp_split3
                0x00003cbc                __fp_splitA
 .text.avr-libc.fplib
                0x00003cf0        0xe c:/program files (x86)/atmel/studio/7.0/toolchain/avr8/avr8-gnu-toolchain/bin/../lib/gcc/avr/5.4.0/../../../../avr/lib/avrxmega6\libm.a(fp_zero.o)
                0x00003cf0                __fp_zero
                0x00003cf2                __fp_szero
 .text.avr-libc.fplib
                0x00003cfe        0x8 c:/program files (x86)/atmel/studio/7.0/toolchain/avr8/avr8-gnu-toolchain/bin/../lib/gcc/avr/5.4.0/../../../../avr/lib/avrxmega6\libm.a(gesf2.o)
                0x00003cfe                __gesf2
                0x00003cfe                __gtsf2
 .text.avr-libc.fplib
                0x00003d06        0x4 c:/program files (x86)/atmel/studio/7.0/toolchain/avr8/avr8-gnu-toolchain/bin/../lib/gcc/avr/5.4.0/../../../../avr/lib/avrxmega6\libm.a(mulsf3.o)
                0x00003d06                __mulsf3
 .text.avr-libc.fplib
                0x00003d0a       0xc2 c:/program files (x86)/atmel/studio/7.0/toolchain/avr8/avr8-gnu-toolchain/bin/../lib/gcc/avr/5.4.0/../../../../avr/lib/avrxmega6\libm.a(mulsf3x.o)
                0x00003d1e                __mulsf3x
                0x00003d22                __mulsf3_pse
 .text.avr-libc.fplib
                0x00003dcc       0x48 c:/program files (x86)/atmel/studio/7.0/toolchain/avr8/avr8-gnu-toolchain/bin/../lib/gcc/avr/5.4.0/../../../../avr/lib/avrxmega6\libm.a(fp_cmp.o)
                0x00003dcc                __fp_cmp
 .text.libgcc.div
                0x00003e14       0x26 c:/program files (x86)/atmel/studio/7.0/toolchain/avr8/avr8-gnu-toolchain/bin/../lib/gcc/avr/5.4.0/avrxmega6\libgcc.a(_divmodhi4.o)
                0x00003e14                _div
                0x00003e14                __divmodhi4
 .text.libgcc.div
                0x00003e3a       0x44 c:/program files (x86)/atmel/studio/7.0/toolchain/avr8/avr8-gnu-toolchain/bin/../lib/gcc/avr/5.4.0/avrxmega6\libgcc.a(_udivmodsi4.o)
                0x00003e3a                __udivmodsi4
 .text.libgcc   0x00003e7e       0x10 c:/program files (x86)/atmel/studio/7.0/toolchain/avr8/avr8-gnu-toolchain/bin/../lib/gcc/avr/5.4.0/avrxmega6\libgcc.a(_tablejump2.o)
                0x00003e7e                __tablejump2__
 .text.libgcc.div
                0x00003e8e       0x28 c:/program files (x86)/atmel/studio/7.0/toolchain/avr8/avr8-gnu-toolchain/bin/../lib/gcc/avr/5.4.0/avrxmega6\libgcc.a(_udivmodhi4.o)
                0x00003e8e                __udivmodhi4
 .text.avr-libc
                0x00003eb6      0x242 c:/program files (x86)/atmel/studio/7.0/toolchain/avr8/avr8-gnu-toolchain/bin/../lib/gcc/avr/5.4.0/../../../../avr/lib/avrxmega6\libc.a(malloc.o)
                0x00003eb6                malloc
                0x00003fe6                free
 .text.avr-libc
                0x000040f8       0x12 c:/program files (x86)/atmel/studio/7.0/toolchain/avr8/avr8-gnu-toolchain/bin/../lib/gcc/avr/5.4.0/../../../../avr/lib/avrxmega6\libc.a(memcpy.o)
                0x000040f8                memcpy
 .text.avr-libc
                0x0000410a       0x6c c:/program files (x86)/atmel/studio/7.0/toolchain/avr8/avr8-gnu-toolchain/bin/../lib/gcc/avr/5.4.0/../../../../avr/lib/avrxmega6\libc.a(snprintf.o)
                0x0000410a                snprintf
 .text.avr-libc
                0x00004176      0x3ee c:/program files (x86)/atmel/studio/7.0/toolchain/avr8/avr8-gnu-toolchain/bin/../lib/gcc/avr/5.4.0/../../../../avr/lib/avrxmega6\libc.a(vfprintf_std.o)
                0x00004176                vfprintf
 .text.avr-libc
                0x00004564       0x16 c:/program files (x86)/atmel/studio/7.0/toolchain/avr8/avr8-gnu-toolchain/bin/../lib/gcc/avr/5.4.0/../../../../avr/lib/avrxmega6\libc.a(strnlen_P.o)
                0x00004564                strnlen_P
 .text.avr-libc
                0x0000457a       0x16 c:/program files (x86)/atmel/studio/7.0/toolchain/avr8/avr8-gnu-toolchain/bin/../lib/gcc/avr/5.4.0/../../../../avr/lib/avrxmega6\libc.a(strnlen.o)
                0x0000457a                strnlen
 .text.avr-libc
                0x00004590       0x78 c:/program files (x86)/atmel/studio/7.0/toolchain/avr8/avr8-gnu-toolchain/bin/../lib/gcc/avr/5.4.0/../../../../avr/lib/avrxmega6\libc.a(fputc.o)
                0x00004590                fputc
 .text.avr-libc
                0x00004608       0xbc c:/program files (x86)/atmel/studio/7.0/toolchain/avr8/avr8-gnu-toolchain/bin/../lib/gcc/avr/5.4.0/../../../../avr/lib/avrxmega6\libc.a(ultoa_invert.o)
                0x00004608                __ultoa_invert
                0x000046c4                . = ALIGN (0x2)
 *(.fini9)
 .fini9         0x000046c4        0x0 c:/program files (x86)/atmel/studio/7.0/toolchain/avr8/avr8-gnu-toolchain/bin/../lib/gcc/avr/5.4.0/avrxmega6\libgcc.a(_exit.o)
                0x000046c4                _exit
                0x000046c4                exit
 *(.fini9)
 *(.fini8)
 *(.fini8)
 *(.fini7)
 *(.fini7)
 *(.fini6)
 *(.fini6)
 *(.fini5)
 *(.fini5)
 *(.fini4)
 *(.fini4)
 *(.fini3)
 *(.fini3)
 *(.fini2)
 *(.fini2)
 *(.fini1)
 *(.fini1)
 *(.fini0)
 .fini0         0x000046c4        0x4 c:/program files (x86)/atmel/studio/7.0/toolchain/avr8/avr8-gnu-toolchain/bin/../lib/gcc/avr/5.4.0/avrxmega6\libgcc.a(_exit.o)
 *(.fini0)
                0x000046c8                _etext = .

.data           0x00802000       0x52 load address 0x000046c8
                0x00802000                PROVIDE (__data_start, .)
 *(.data)
 .data          0x00802000        0x6 c:/program files (x86)/atmel/studio/7.0/toolchain/avr8/avr8-gnu-toolchain/bin/../lib/gcc/avr/5.4.0/../../../../avr/lib/avrxmega6\libc.a(malloc.o)
                0x00802000                __malloc_heap_end
                0x00802002                __malloc_heap_start
                0x00802004                __malloc_margin
 *(.data*)
 .data.sysfont  0x00802006        0x7 src/ASF/common/services/gfx_mono/sysfont.o
                0x00802006                sysfont
 .data.USART_SERIAL_OPTIONS.6826
                0x0080200d        0x7 src/main.o
 *(.gnu.linkonce.d*)
 *(.rodata)
 *(.rodata*)
 .rodata.str1.1
                0x00802014        0x5 src/FreeRTOS/tasks.o
 .rodata.str1.1
                0x00802019        0x8 src/FreeRTOS/timers.o
 .rodata.str1.1
                0x00802021       0x30 src/main.o
                                 0x31 (size before relaxing)
 *(.gnu.linkonce.r*)
                0x00802052                . = ALIGN (0x2)
 *fill*         0x00802051        0x1 
                0x00802052                _edata = .
                0x00802052                PROVIDE (__data_end, .)

.bss            0x00802052      0x3e3
                0x00802052                PROVIDE (__bss_start, .)
 *(.bss)
 *(.bss*)
 .bss.framebuffer
                0x00802052      0x200 src/ASF/common/services/gfx_mono/gfx_mono_c12832_a1z.o
 .bss.fbpointer
                0x00802252        0x2 src/ASF/common/services/gfx_mono/gfx_mono_framebuffer.o
 .bss.adcb_enable_count
                0x00802254        0x1 src/ASF/xmega/drivers/adc/adc.o
 .bss.adca_enable_count
                0x00802255        0x1 src/ASF/xmega/drivers/adc/adc.o
 .bss.transfer  0x00802256        0xb src/ASF/xmega/drivers/twi/twim.o
 .bss.uxSchedulerSuspended
                0x00802261        0x1 src/FreeRTOS/tasks.o
 .bss.xIdleTaskHandle
                0x00802262        0x2 src/FreeRTOS/tasks.o
 .bss.xNextTaskUnblockTime
                0x00802264        0x2 src/FreeRTOS/tasks.o
 .bss.uxTaskNumber
                0x00802266        0x1 src/FreeRTOS/tasks.o
 .bss.xNumOfOverflows
                0x00802267        0x1 src/FreeRTOS/tasks.o
 .bss.xYieldPending
                0x00802268        0x1 src/FreeRTOS/tasks.o
 .bss.xPendedTicks
                0x00802269        0x2 src/FreeRTOS/tasks.o
 .bss.xSchedulerRunning
                0x0080226b        0x1 src/FreeRTOS/tasks.o
 .bss.uxTopReadyPriority
                0x0080226c        0x1 src/FreeRTOS/tasks.o
 .bss.xTickCount
                0x0080226d        0x2 src/FreeRTOS/tasks.o
 .bss.uxCurrentNumberOfTasks
                0x0080226f        0x1 src/FreeRTOS/tasks.o
 .bss.xPendingReadyList
                0x00802270        0x9 src/FreeRTOS/tasks.o
 .bss.pxOverflowDelayedTaskList
                0x00802279        0x2 src/FreeRTOS/tasks.o
 .bss.pxDelayedTaskList
                0x0080227b        0x2 src/FreeRTOS/tasks.o
 .bss.xDelayedTaskList2
                0x0080227d        0x9 src/FreeRTOS/tasks.o
 .bss.xDelayedTaskList1
                0x00802286        0x9 src/FreeRTOS/tasks.o
 .bss.pxReadyTasksLists
                0x0080228f       0x2d src/FreeRTOS/tasks.o
 .bss.pxCurrentTCB
                0x008022bc        0x2 src/FreeRTOS/tasks.o
                0x008022bc                pxCurrentTCB
 .bss.xLastTime.4598
                0x008022be        0x2 src/FreeRTOS/timers.o
 .bss.xTimerTaskHandle
                0x008022c0        0x2 src/FreeRTOS/timers.o
 .bss.xTimerQueue
                0x008022c2        0x2 src/FreeRTOS/timers.o
 .bss.pxOverflowTimerList
                0x008022c4        0x2 src/FreeRTOS/timers.o
 .bss.pxCurrentTimerList
                0x008022c6        0x2 src/FreeRTOS/timers.o
 .bss.xActiveTimerList2
                0x008022c8        0x9 src/FreeRTOS/timers.o
 .bss.xActiveTimerList1
                0x008022d1        0x9 src/FreeRTOS/timers.o
 .bss.strbufusart
                0x008022da       0xc9 src/main.o
 .bss.total_energy
                0x008023a3        0x4 src/main.o
 .bss.strbuf    0x008023a7       0x80 src/main.o
 *(COMMON)
 COMMON         0x00802427        0x6 src/ASF/common/services/sleepmgr/xmega/sleepmgr.o
                0x00802427                sleepmgr_locks
 COMMON         0x0080242d        0x4 src/ASF/xmega/drivers/adc/adc.o
                0x0080242d                adcb_callback
                0x0080242f                adca_callback
 COMMON         0x00802431        0x4 c:/program files (x86)/atmel/studio/7.0/toolchain/avr8/avr8-gnu-toolchain/bin/../lib/gcc/avr/5.4.0/../../../../avr/lib/avrxmega6\libc.a(malloc.o)
                0x00802431                __brkval
                0x00802433                __flp
                0x00802435                PROVIDE (__bss_end, .)
                0x000046c8                __data_load_start = LOADADDR (.data)
                0x0000471a                __data_load_end = (__data_load_start + SIZEOF (.data))

.noinit         0x00802435        0x0
                [!provide]                PROVIDE (__noinit_start, .)
 *(.noinit*)
                [!provide]                PROVIDE (__noinit_end, .)
                0x00802435                _end = .
                0x00802435                PROVIDE (__heap_start, .)

.eeprom         0x00810000        0x0
 *(.eeprom*)
                0x00810000                __eeprom_end = .

.fuse
 *(.fuse)
 *(.lfuse)
 *(.hfuse)
 *(.efuse)

.lock
 *(.lock*)

.signature
 *(.signature*)

.user_signatures
 *(.user_signatures*)

.stab
 *(.stab)

.stabstr
 *(.stabstr)

.stab.excl
 *(.stab.excl)

.stab.exclstr
 *(.stab.exclstr)

.stab.index
 *(.stab.index)

.stab.indexstr
 *(.stab.indexstr)

.comment        0x00000000       0x5c
 *(.comment)
 .comment       0x00000000       0x30 src/ASF/common/components/display/st7565r/st7565r.o
                                 0x31 (size before relaxing)
 .comment       0x00000030       0x31 src/ASF/common/services/clock/xmega/sysclk.o
 .comment       0x00000030       0x31 src/ASF/common/services/gfx_mono/gfx_mono_c12832_a1z.o
 .comment       0x00000030       0x31 src/ASF/common/services/gfx_mono/gfx_mono_framebuffer.o
 .comment       0x00000030       0x31 src/ASF/common/services/gfx_mono/gfx_mono_generic.o
 .comment       0x00000030       0x31 src/ASF/common/services/gfx_mono/gfx_mono_text.o
 .comment       0x00000030       0x31 src/ASF/common/services/gfx_mono/sysfont.o
 .comment       0x00000030       0x31 src/ASF/common/services/ioport/xmega/ioport_compat.o
 .comment       0x00000030       0x31 src/ASF/common/services/sleepmgr/xmega/sleepmgr.o
 .comment       0x00000030       0x31 src/ASF/common/services/spi/xmega_usart_spi/usart_spi.o
 .comment       0x00000030       0x31 src/ASF/xmega/boards/xmega_a3bu_xplained/init.o
 .comment       0x00000030       0x31 src/ASF/xmega/drivers/adc/adc.o
 .comment       0x00000030       0x31 src/ASF/xmega/drivers/adc/xmega_aau/adc_aau.o
 .comment       0x00000030       0x31 src/ASF/xmega/drivers/twi/twim.o
 .comment       0x00000030       0x31 src/ASF/xmega/drivers/usart/usart.o
 .comment       0x00000030       0x31 src/FreeRTOS/list.o
 .comment       0x00000030       0x31 src/FreeRTOS/portable/GCC/ATXMega256A3BU/port.o
 .comment       0x00000030       0x31 src/FreeRTOS/portable/MemMang/heap_3.o
 .comment       0x00000030       0x31 src/FreeRTOS/queue.o
 .comment       0x00000030       0x31 src/FreeRTOS/tasks.o
 .comment       0x00000030       0x31 src/FreeRTOS/timers.o
 .comment       0x00000030       0x31 src/main.o
 .comment       0x00000030       0x31 c:/program files (x86)/atmel/studio/7.0/toolchain/avr8/avr8-gnu-toolchain/bin/../lib/gcc/avr/5.4.0/../../../../avr/lib/avrxmega6\libc.a(malloc.o)
 .comment       0x00000030       0x31 c:/program files (x86)/atmel/studio/7.0/toolchain/avr8/avr8-gnu-toolchain/bin/../lib/gcc/avr/5.4.0/../../../../avr/lib/avrxmega6\libc.a(snprintf.o)
 .comment       0x00000030       0x2c c:/program files (x86)/atmel/studio/7.0/toolchain/avr8/avr8-gnu-toolchain/bin/../lib/gcc/avr/5.4.0/../../../../avr/lib/avrxmega6\libc.a(vfprintf_std.o)
                                 0x2d (size before relaxing)
 .comment       0x0000005c       0x31 c:/program files (x86)/atmel/studio/7.0/toolchain/avr8/avr8-gnu-toolchain/bin/../lib/gcc/avr/5.4.0/../../../../avr/lib/avrxmega6\libc.a(fputc.o)

.note.gnu.avr.deviceinfo
                0x00000000       0x44
 .note.gnu.avr.deviceinfo
                0x00000000       0x44 C:/Program Files (x86)/Atmel/Studio/7.0/Packs/atmel/XMEGAA_DFP/1.1.68/gcc/dev/atxmega256a3bu/avrxmega6/crtatxmega256a3bu.o

.note.gnu.build-id
 *(.note.gnu.build-id)

.debug
 *(.debug)

.line
 *(.line)

.debug_srcinfo
 *(.debug_srcinfo)

.debug_sfnames
 *(.debug_sfnames)

.debug_aranges  0x00000000      0x750
 *(.debug_aranges)
 .debug_aranges
                0x00000000       0x28 src/ASF/common/components/display/st7565r/st7565r.o
 .debug_aranges
                0x00000028       0x40 src/ASF/common/services/clock/xmega/sysclk.o
 .debug_aranges
                0x00000068       0x60 src/ASF/common/services/gfx_mono/gfx_mono_c12832_a1z.o
 .debug_aranges
                0x000000c8       0x58 src/ASF/common/services/gfx_mono/gfx_mono_framebuffer.o
 .debug_aranges
                0x00000120       0x58 src/ASF/common/services/gfx_mono/gfx_mono_generic.o
 .debug_aranges
                0x00000178       0x40 src/ASF/common/services/gfx_mono/gfx_mono_text.o
 .debug_aranges
                0x000001b8       0x18 src/ASF/common/services/gfx_mono/sysfont.o
 .debug_aranges
                0x000001d0       0x20 src/ASF/common/services/ioport/xmega/ioport_compat.o
 .debug_aranges
                0x000001f0       0x18 src/ASF/common/services/sleepmgr/xmega/sleepmgr.o
 .debug_aranges
                0x00000208       0x48 src/ASF/common/services/spi/xmega_usart_spi/usart_spi.o
 .debug_aranges
                0x00000250       0x20 src/ASF/xmega/boards/xmega_a3bu_xplained/init.o
 .debug_aranges
                0x00000270       0x48 src/ASF/xmega/drivers/adc/adc.o
 .debug_aranges
                0x000002b8       0x78 src/ASF/xmega/drivers/adc/xmega_aau/adc_aau.o
 .debug_aranges
                0x00000330       0x28 src/ASF/xmega/drivers/nvm/nvm_asm.o
 .debug_aranges
                0x00000358       0x40 src/ASF/xmega/drivers/twi/twim.o
 .debug_aranges
                0x00000398       0x58 src/ASF/xmega/drivers/usart/usart.o
 .debug_aranges
                0x000003f0       0x40 src/FreeRTOS/list.o
 .debug_aranges
                0x00000430       0x38 src/FreeRTOS/portable/GCC/ATXMega256A3BU/port.o
 .debug_aranges
                0x00000468       0x28 src/FreeRTOS/portable/MemMang/heap_3.o
 .debug_aranges
                0x00000490       0xc0 src/FreeRTOS/queue.o
 .debug_aranges
                0x00000550      0x130 src/FreeRTOS/tasks.o
 .debug_aranges
                0x00000680       0x98 src/FreeRTOS/timers.o
 .debug_aranges
                0x00000718       0x38 src/main.o

.debug_pubnames
 *(.debug_pubnames)

.debug_info     0x00000000    0x164c3
 *(.debug_info .gnu.linkonce.wi.*)
 .debug_info    0x00000000     0x3379 C:/Program Files (x86)/Atmel/Studio/7.0/Packs/atmel/XMEGAA_DFP/1.1.68/gcc/dev/atxmega256a3bu/avrxmega6/crtatxmega256a3bu.o
 .debug_info    0x00003379     0x1945 src/ASF/common/components/display/st7565r/st7565r.o
 .debug_info    0x00004cbe      0x71c src/ASF/common/services/clock/xmega/sysclk.o
 .debug_info    0x000053da     0x1de2 src/ASF/common/services/gfx_mono/gfx_mono_c12832_a1z.o
 .debug_info    0x000071bc      0x487 src/ASF/common/services/gfx_mono/gfx_mono_framebuffer.o
 .debug_info    0x00007643      0xc0a src/ASF/common/services/gfx_mono/gfx_mono_generic.o
 .debug_info    0x0000824d      0x715 src/ASF/common/services/gfx_mono/gfx_mono_text.o
 .debug_info    0x00008962      0x1af src/ASF/common/services/gfx_mono/sysfont.o
 .debug_info    0x00008b11      0x121 src/ASF/common/services/ioport/xmega/ioport_compat.o
 .debug_info    0x00008c32      0x129 src/ASF/common/services/sleepmgr/xmega/sleepmgr.o
 .debug_info    0x00008d5b      0xb7e src/ASF/common/services/spi/xmega_usart_spi/usart_spi.o
 .debug_info    0x000098d9      0xaeb src/ASF/xmega/boards/xmega_a3bu_xplained/init.o
 .debug_info    0x0000a3c4      0xa8d src/ASF/xmega/drivers/adc/adc.o
 .debug_info    0x0000ae51      0xe98 src/ASF/xmega/drivers/adc/xmega_aau/adc_aau.o
 .debug_info    0x0000bce9       0x81 src/ASF/xmega/drivers/nvm/nvm_asm.o
 .debug_info    0x0000bd6a      0x91d src/ASF/xmega/drivers/twi/twim.o
 .debug_info    0x0000c687     0x2ce0 src/ASF/xmega/drivers/usart/usart.o
 .debug_info    0x0000f367      0x2dc src/FreeRTOS/list.o
 .debug_info    0x0000f643      0x9ff src/FreeRTOS/portable/GCC/ATXMega256A3BU/port.o
 .debug_info    0x00010042      0x175 src/FreeRTOS/portable/MemMang/heap_3.o
 .debug_info    0x000101b7     0x1503 src/FreeRTOS/queue.o
 .debug_info    0x000116ba     0x178a src/FreeRTOS/tasks.o
 .debug_info    0x00012e44     0x1082 src/FreeRTOS/timers.o
 .debug_info    0x00013ec6     0x25fd src/main.o

.debug_abbrev   0x00000000     0x61e3
 *(.debug_abbrev)
 .debug_abbrev  0x00000000     0x30c4 C:/Program Files (x86)/Atmel/Studio/7.0/Packs/atmel/XMEGAA_DFP/1.1.68/gcc/dev/atxmega256a3bu/avrxmega6/crtatxmega256a3bu.o
 .debug_abbrev  0x000030c4      0x2a0 src/ASF/common/components/display/st7565r/st7565r.o
 .debug_abbrev  0x00003364      0x218 src/ASF/common/services/clock/xmega/sysclk.o
 .debug_abbrev  0x0000357c      0x385 src/ASF/common/services/gfx_mono/gfx_mono_c12832_a1z.o
 .debug_abbrev  0x00003901      0x174 src/ASF/common/services/gfx_mono/gfx_mono_framebuffer.o
 .debug_abbrev  0x00003a75      0x1ac src/ASF/common/services/gfx_mono/gfx_mono_generic.o
 .debug_abbrev  0x00003c21      0x22b src/ASF/common/services/gfx_mono/gfx_mono_text.o
 .debug_abbrev  0x00003e4c       0xe2 src/ASF/common/services/gfx_mono/sysfont.o
 .debug_abbrev  0x00003f2e       0x95 src/ASF/common/services/ioport/xmega/ioport_compat.o
 .debug_abbrev  0x00003fc3       0x84 src/ASF/common/services/sleepmgr/xmega/sleepmgr.o
 .debug_abbrev  0x00004047      0x2d8 src/ASF/common/services/spi/xmega_usart_spi/usart_spi.o
 .debug_abbrev  0x0000431f      0x14a src/ASF/xmega/boards/xmega_a3bu_xplained/init.o
 .debug_abbrev  0x00004469      0x2b4 src/ASF/xmega/drivers/adc/adc.o
 .debug_abbrev  0x0000471d      0x320 src/ASF/xmega/drivers/adc/xmega_aau/adc_aau.o
 .debug_abbrev  0x00004a3d       0x12 src/ASF/xmega/drivers/nvm/nvm_asm.o
 .debug_abbrev  0x00004a4f      0x2f8 src/ASF/xmega/drivers/twi/twim.o
 .debug_abbrev  0x00004d47      0x3f5 src/ASF/xmega/drivers/usart/usart.o
 .debug_abbrev  0x0000513c      0x102 src/FreeRTOS/list.o
 .debug_abbrev  0x0000523e      0x1b3 src/FreeRTOS/portable/GCC/ATXMega256A3BU/port.o
 .debug_abbrev  0x000053f1       0xdc src/FreeRTOS/portable/MemMang/heap_3.o
 .debug_abbrev  0x000054cd      0x2c3 src/FreeRTOS/queue.o
 .debug_abbrev  0x00005790      0x30c src/FreeRTOS/tasks.o
 .debug_abbrev  0x00005a9c      0x312 src/FreeRTOS/timers.o
 .debug_abbrev  0x00005dae      0x435 src/main.o

.debug_line     0x00000000     0xc0bb
 *(.debug_line .debug_line.* .debug_line_end)
 .debug_line    0x00000000      0x39d C:/Program Files (x86)/Atmel/Studio/7.0/Packs/atmel/XMEGAA_DFP/1.1.68/gcc/dev/atxmega256a3bu/avrxmega6/crtatxmega256a3bu.o
 .debug_line    0x0000039d      0xac3 src/ASF/common/components/display/st7565r/st7565r.o
 .debug_line    0x00000e60      0x630 src/ASF/common/services/clock/xmega/sysclk.o
 .debug_line    0x00001490      0xda7 src/ASF/common/services/gfx_mono/gfx_mono_c12832_a1z.o
 .debug_line    0x00002237      0x918 src/ASF/common/services/gfx_mono/gfx_mono_framebuffer.o
 .debug_line    0x00002b4f      0xc04 src/ASF/common/services/gfx_mono/gfx_mono_generic.o
 .debug_line    0x00003753      0x9a2 src/ASF/common/services/gfx_mono/gfx_mono_text.o
 .debug_line    0x000040f5      0x7c2 src/ASF/common/services/gfx_mono/sysfont.o
 .debug_line    0x000048b7      0x4b4 src/ASF/common/services/ioport/xmega/ioport_compat.o
 .debug_line    0x00004d6b      0x457 src/ASF/common/services/sleepmgr/xmega/sleepmgr.o
 .debug_line    0x000051c2      0x7d6 src/ASF/common/services/spi/xmega_usart_spi/usart_spi.o
 .debug_line    0x00005998      0x4df src/ASF/xmega/boards/xmega_a3bu_xplained/init.o
 .debug_line    0x00005e77      0x7c5 src/ASF/xmega/drivers/adc/adc.o
 .debug_line    0x0000663c      0x975 src/ASF/xmega/drivers/adc/xmega_aau/adc_aau.o
 .debug_line    0x00006fb1      0x11f src/ASF/xmega/drivers/nvm/nvm_asm.o
 .debug_line    0x000070d0      0x644 src/ASF/xmega/drivers/twi/twim.o
 .debug_line    0x00007714      0xc9d src/ASF/xmega/drivers/usart/usart.o
 .debug_line    0x000083b1      0x446 src/FreeRTOS/list.o
 .debug_line    0x000087f7      0x4cc src/FreeRTOS/portable/GCC/ATXMega256A3BU/port.o
 .debug_line    0x00008cc3      0x38f src/FreeRTOS/portable/MemMang/heap_3.o
 .debug_line    0x00009052      0xc3c src/FreeRTOS/queue.o
 .debug_line    0x00009c8e      0xef5 src/FreeRTOS/tasks.o
 .debug_line    0x0000ab83      0x7a3 src/FreeRTOS/timers.o
 .debug_line    0x0000b326      0xd95 src/main.o

.debug_frame    0x00000000     0x1918
 *(.debug_frame)
 .debug_frame   0x00000000       0x68 src/ASF/common/components/display/st7565r/st7565r.o
 .debug_frame   0x00000068       0x94 src/ASF/common/services/clock/xmega/sysclk.o
 .debug_frame   0x000000fc      0x1b4 src/ASF/common/services/gfx_mono/gfx_mono_c12832_a1z.o
 .debug_frame   0x000002b0       0xd0 src/ASF/common/services/gfx_mono/gfx_mono_framebuffer.o
 .debug_frame   0x00000380      0x214 src/ASF/common/services/gfx_mono/gfx_mono_generic.o
 .debug_frame   0x00000594      0x100 src/ASF/common/services/gfx_mono/gfx_mono_text.o
 .debug_frame   0x00000694       0x30 src/ASF/common/services/ioport/xmega/ioport_compat.o
 .debug_frame   0x000006c4       0x90 src/ASF/common/services/spi/xmega_usart_spi/usart_spi.o
 .debug_frame   0x00000754       0x24 src/ASF/xmega/boards/xmega_a3bu_xplained/init.o
 .debug_frame   0x00000778       0xbc src/ASF/xmega/drivers/adc/adc.o
 .debug_frame   0x00000834      0x3e4 src/ASF/xmega/drivers/adc/xmega_aau/adc_aau.o
 .debug_frame   0x00000c18      0x110 src/ASF/xmega/drivers/twi/twim.o
 .debug_frame   0x00000d28      0x14c src/ASF/xmega/drivers/usart/usart.o
 .debug_frame   0x00000e74       0x88 src/FreeRTOS/list.o
 .debug_frame   0x00000efc       0x60 src/FreeRTOS/portable/GCC/ATXMega256A3BU/port.o
 .debug_frame   0x00000f5c       0x4c src/FreeRTOS/portable/MemMang/heap_3.o
 .debug_frame   0x00000fa8      0x2f0 src/FreeRTOS/queue.o
 .debug_frame   0x00001298      0x43c src/FreeRTOS/tasks.o
 .debug_frame   0x000016d4      0x1bc src/FreeRTOS/timers.o
 .debug_frame   0x00001890       0x88 src/main.o

.debug_str      0x00000000    0x3c369
 *(.debug_str)
 .debug_str     0x00000000     0x21e4 C:/Program Files (x86)/Atmel/Studio/7.0/Packs/atmel/XMEGAA_DFP/1.1.68/gcc/dev/atxmega256a3bu/avrxmega6/crtatxmega256a3bu.o
 .debug_str     0x000021e4    0x2c63b src/ASF/common/components/display/st7565r/st7565r.o
                              0x2cec1 (size before relaxing)
 .debug_str     0x0002e81f      0x3a9 src/ASF/common/services/clock/xmega/sysclk.o
                              0x2bca0 (size before relaxing)
 .debug_str     0x0002ebc8      0xc05 src/ASF/common/services/gfx_mono/gfx_mono_c12832_a1z.o
                              0x2d7c2 (size before relaxing)
 .debug_str     0x0002f7cd       0xba src/ASF/common/services/gfx_mono/gfx_mono_framebuffer.o
                              0x2d3dd (size before relaxing)
 .debug_str     0x0002f887      0x225 src/ASF/common/services/gfx_mono/gfx_mono_generic.o
                              0x2d520 (size before relaxing)
 .debug_str     0x0002faac      0x233 src/ASF/common/services/gfx_mono/gfx_mono_text.o
                              0x2d4b4 (size before relaxing)
 .debug_str     0x0002fcdf     0x10b0 src/ASF/common/services/gfx_mono/sysfont.o
                              0x2e311 (size before relaxing)
 .debug_str     0x00030d8f       0xab src/ASF/common/services/ioport/xmega/ioport_compat.o
                              0x2993f (size before relaxing)
 .debug_str     0x00030e3a      0x3d4 src/ASF/common/services/sleepmgr/xmega/sleepmgr.o
                              0x29688 (size before relaxing)
 .debug_str     0x0003120e      0x1d1 src/ASF/common/services/spi/xmega_usart_spi/usart_spi.o
                              0x2c496 (size before relaxing)
 .debug_str     0x000313df       0xf7 src/ASF/xmega/boards/xmega_a3bu_xplained/init.o
                              0x2b5ce (size before relaxing)
 .debug_str     0x000314d6      0x9d2 src/ASF/xmega/drivers/adc/adc.o
                              0x2c6b3 (size before relaxing)
 .debug_str     0x00031ea8      0x5b2 src/ASF/xmega/drivers/adc/xmega_aau/adc_aau.o
                              0x2c946 (size before relaxing)
 .debug_str     0x0003245a      0x46c src/ASF/xmega/drivers/twi/twim.o
                              0x2997d (size before relaxing)
 .debug_str     0x000328c6      0x88f src/ASF/xmega/drivers/usart/usart.o
                              0x2cfd5 (size before relaxing)
 .debug_str     0x00033155     0x34f3 src/FreeRTOS/list.o
                              0x1d4c1 (size before relaxing)
 .debug_str     0x00036648     0x15b4 src/FreeRTOS/portable/GCC/ATXMega256A3BU/port.o
                              0x1ee8d (size before relaxing)
 .debug_str     0x00037bfc       0xca src/FreeRTOS/portable/MemMang/heap_3.o
                              0x1dab6 (size before relaxing)
 .debug_str     0x00037cc6      0xf91 src/FreeRTOS/queue.o
                              0x1eb47 (size before relaxing)
 .debug_str     0x00038c57     0x15b3 src/FreeRTOS/tasks.o
                              0x1f4db (size before relaxing)
 .debug_str     0x0003a20a      0x4be src/FreeRTOS/timers.o
                              0x1f0a4 (size before relaxing)
 .debug_str     0x0003a6c8     0x1ca1 src/main.o
                              0x3623b (size before relaxing)

.debug_loc      0x00000000     0xb3f1
 *(.debug_loc)
 .debug_loc     0x00000000      0x7c9 src/ASF/common/components/display/st7565r/st7565r.o
 .debug_loc     0x000007c9      0x2c5 src/ASF/common/services/clock/xmega/sysclk.o
 .debug_loc     0x00000a8e     0x1382 src/ASF/common/services/gfx_mono/gfx_mono_c12832_a1z.o
 .debug_loc     0x00001e10      0x61c src/ASF/common/services/gfx_mono/gfx_mono_framebuffer.o
 .debug_loc     0x0000242c     0x11c5 src/ASF/common/services/gfx_mono/gfx_mono_generic.o
 .debug_loc     0x000035f1      0x9a2 src/ASF/common/services/gfx_mono/gfx_mono_text.o
 .debug_loc     0x00003f93       0x66 src/ASF/common/services/ioport/xmega/ioport_compat.o
 .debug_loc     0x00003ff9      0x56c src/ASF/common/services/spi/xmega_usart_spi/usart_spi.o
 .debug_loc     0x00004565      0x3fa src/ASF/xmega/boards/xmega_a3bu_xplained/init.o
 .debug_loc     0x0000495f      0x2b3 src/ASF/xmega/drivers/adc/adc.o
 .debug_loc     0x00004c12      0xd3c src/ASF/xmega/drivers/adc/xmega_aau/adc_aau.o
 .debug_loc     0x0000594e      0x568 src/ASF/xmega/drivers/twi/twim.o
 .debug_loc     0x00005eb6      0xe14 src/ASF/xmega/drivers/usart/usart.o
 .debug_loc     0x00006cca      0x145 src/FreeRTOS/list.o
 .debug_loc     0x00006e0f      0x2b0 src/FreeRTOS/portable/GCC/ATXMega256A3BU/port.o
 .debug_loc     0x000070bf      0x102 src/FreeRTOS/portable/MemMang/heap_3.o
 .debug_loc     0x000071c1     0x16f9 src/FreeRTOS/queue.o
 .debug_loc     0x000088ba     0x1b18 src/FreeRTOS/tasks.o
 .debug_loc     0x0000a3d2      0xc88 src/FreeRTOS/timers.o
 .debug_loc     0x0000b05a      0x397 src/main.o

.debug_macinfo
 *(.debug_macinfo)

.debug_weaknames
 *(.debug_weaknames)

.debug_funcnames
 *(.debug_funcnames)

.debug_typenames
 *(.debug_typenames)

.debug_varnames
 *(.debug_varnames)

.debug_pubtypes
 *(.debug_pubtypes)

.debug_ranges   0x00000000      0x960
 *(.debug_ranges)
 .debug_ranges  0x00000000       0x18 src/ASF/common/components/display/st7565r/st7565r.o
 .debug_ranges  0x00000018       0x30 src/ASF/common/services/clock/xmega/sysclk.o
 .debug_ranges  0x00000048      0x188 src/ASF/common/services/gfx_mono/gfx_mono_c12832_a1z.o
 .debug_ranges  0x000001d0       0x48 src/ASF/common/services/gfx_mono/gfx_mono_framebuffer.o
 .debug_ranges  0x00000218       0x48 src/ASF/common/services/gfx_mono/gfx_mono_generic.o
 .debug_ranges  0x00000260       0x30 src/ASF/common/services/gfx_mono/gfx_mono_text.o
 .debug_ranges  0x00000290       0x10 src/ASF/common/services/ioport/xmega/ioport_compat.o
 .debug_ranges  0x000002a0       0x98 src/ASF/common/services/spi/xmega_usart_spi/usart_spi.o
 .debug_ranges  0x00000338       0x10 src/ASF/xmega/boards/xmega_a3bu_xplained/init.o
 .debug_ranges  0x00000348       0x38 src/ASF/xmega/drivers/adc/adc.o
 .debug_ranges  0x00000380       0x68 src/ASF/xmega/drivers/adc/xmega_aau/adc_aau.o
 .debug_ranges  0x000003e8       0x20 src/ASF/xmega/drivers/nvm/nvm_asm.o
 .debug_ranges  0x00000408       0x90 src/ASF/xmega/drivers/twi/twim.o
 .debug_ranges  0x00000498       0x80 src/ASF/xmega/drivers/usart/usart.o
 .debug_ranges  0x00000518       0x30 src/FreeRTOS/list.o
 .debug_ranges  0x00000548       0x28 src/FreeRTOS/portable/GCC/ATXMega256A3BU/port.o
 .debug_ranges  0x00000570       0x18 src/FreeRTOS/portable/MemMang/heap_3.o
 .debug_ranges  0x00000588       0xf8 src/FreeRTOS/queue.o
 .debug_ranges  0x00000680      0x180 src/FreeRTOS/tasks.o
 .debug_ranges  0x00000800       0xd8 src/FreeRTOS/timers.o
 .debug_ranges  0x000008d8       0x88 src/main.o

.debug_macro    0x00000000     0xd388
 *(.debug_macro)
 .debug_macro   0x00000000      0x276 src/ASF/common/components/display/st7565r/st7565r.o
 .debug_macro   0x00000276      0xa9c src/ASF/common/components/display/st7565r/st7565r.o
 .debug_macro   0x00000d12       0x10 src/ASF/common/components/display/st7565r/st7565r.o
 .debug_macro   0x00000d22      0x1c9 src/ASF/common/components/display/st7565r/st7565r.o
 .debug_macro   0x00000eeb      0x2fc src/ASF/common/components/display/st7565r/st7565r.o
 .debug_macro   0x000011e7       0x9e src/ASF/common/components/display/st7565r/st7565r.o
 .debug_macro   0x00001285     0x6271 src/ASF/common/components/display/st7565r/st7565r.o
 .debug_macro   0x000074f6       0x9a src/ASF/common/components/display/st7565r/st7565r.o
 .debug_macro   0x00007590       0xf1 src/ASF/common/components/display/st7565r/st7565r.o
 .debug_macro   0x00007681       0x34 src/ASF/common/components/display/st7565r/st7565r.o
 .debug_macro   0x000076b5       0x16 src/ASF/common/components/display/st7565r/st7565r.o
 .debug_macro   0x000076cb       0x18 src/ASF/common/components/display/st7565r/st7565r.o
 .debug_macro   0x000076e3       0x5e src/ASF/common/components/display/st7565r/st7565r.o
 .debug_macro   0x00007741       0x10 src/ASF/common/components/display/st7565r/st7565r.o
 .debug_macro   0x00007751       0x22 src/ASF/common/components/display/st7565r/st7565r.o
 .debug_macro   0x00007773      0x16d src/ASF/common/components/display/st7565r/st7565r.o
 .debug_macro   0x000078e0       0x1c src/ASF/common/components/display/st7565r/st7565r.o
 .debug_macro   0x000078fc       0x35 src/ASF/common/components/display/st7565r/st7565r.o
 .debug_macro   0x00007931       0x66 src/ASF/common/components/display/st7565r/st7565r.o
 .debug_macro   0x00007997      0x708 src/ASF/common/components/display/st7565r/st7565r.o
 .debug_macro   0x0000809f       0x96 src/ASF/common/components/display/st7565r/st7565r.o
 .debug_macro   0x00008135       0x17 src/ASF/common/components/display/st7565r/st7565r.o
 .debug_macro   0x0000814c      0x250 src/ASF/common/components/display/st7565r/st7565r.o
 .debug_macro   0x0000839c       0x76 src/ASF/common/components/display/st7565r/st7565r.o
 .debug_macro   0x00008412       0x16 src/ASF/common/components/display/st7565r/st7565r.o
 .debug_macro   0x00008428      0x6d9 src/ASF/common/components/display/st7565r/st7565r.o
 .debug_macro   0x00008b01       0x10 src/ASF/common/components/display/st7565r/st7565r.o
 .debug_macro   0x00008b11      0x175 src/ASF/common/components/display/st7565r/st7565r.o
 .debug_macro   0x00008c86       0x40 src/ASF/common/components/display/st7565r/st7565r.o
 .debug_macro   0x00008cc6       0x69 src/ASF/common/components/display/st7565r/st7565r.o
 .debug_macro   0x00008d2f       0x31 src/ASF/common/components/display/st7565r/st7565r.o
 .debug_macro   0x00008d60       0xe4 src/ASF/common/components/display/st7565r/st7565r.o
 .debug_macro   0x00008e44       0x22 src/ASF/common/components/display/st7565r/st7565r.o
 .debug_macro   0x00008e66      0x2d8 src/ASF/common/components/display/st7565r/st7565r.o
 .debug_macro   0x0000913e      0x2ff src/ASF/common/components/display/st7565r/st7565r.o
 .debug_macro   0x0000943d       0x79 src/ASF/common/components/display/st7565r/st7565r.o
 .debug_macro   0x000094b6       0x2f src/ASF/common/components/display/st7565r/st7565r.o
 .debug_macro   0x000094e5      0x154 src/ASF/common/components/display/st7565r/st7565r.o
 .debug_macro   0x00009639       0x82 src/ASF/common/components/display/st7565r/st7565r.o
 .debug_macro   0x000096bb      0x102 src/ASF/common/components/display/st7565r/st7565r.o
 .debug_macro   0x000097bd       0x28 src/ASF/common/components/display/st7565r/st7565r.o
 .debug_macro   0x000097e5       0x22 src/ASF/common/components/display/st7565r/st7565r.o
 .debug_macro   0x00009807       0x3a src/ASF/common/components/display/st7565r/st7565r.o
 .debug_macro   0x00009841       0xf6 src/ASF/common/components/display/st7565r/st7565r.o
 .debug_macro   0x00009937       0x34 src/ASF/common/components/display/st7565r/st7565r.o
 .debug_macro   0x0000996b       0x2e src/ASF/common/components/display/st7565r/st7565r.o
 .debug_macro   0x00009999      0x1db src/ASF/common/services/clock/xmega/sysclk.o
 .debug_macro   0x00009b74       0x26 src/ASF/common/services/clock/xmega/sysclk.o
 .debug_macro   0x00009b9a      0x2ba src/ASF/common/services/gfx_mono/gfx_mono_c12832_a1z.o
 .debug_macro   0x00009e54       0x75 src/ASF/common/services/gfx_mono/gfx_mono_c12832_a1z.o
 .debug_macro   0x00009ec9       0x88 src/ASF/common/services/gfx_mono/gfx_mono_c12832_a1z.o
 .debug_macro   0x00009f51      0x2ae src/ASF/common/services/gfx_mono/gfx_mono_framebuffer.o
 .debug_macro   0x0000a1ff      0x302 src/ASF/common/services/gfx_mono/gfx_mono_framebuffer.o
 .debug_macro   0x0000a501      0x2ae src/ASF/common/services/gfx_mono/gfx_mono_generic.o
 .debug_macro   0x0000a7af      0x2d5 src/ASF/common/services/gfx_mono/gfx_mono_text.o
 .debug_macro   0x0000aa84       0xaa src/ASF/common/services/gfx_mono/gfx_mono_text.o
 .debug_macro   0x0000ab2e      0x2db src/ASF/common/services/gfx_mono/sysfont.o
 .debug_macro   0x0000ae09       0x3a src/ASF/common/services/gfx_mono/sysfont.o
 .debug_macro   0x0000ae43      0x193 src/ASF/common/services/ioport/xmega/ioport_compat.o
 .debug_macro   0x0000afd6      0x1a3 src/ASF/common/services/sleepmgr/xmega/sleepmgr.o
 .debug_macro   0x0000b179       0x10 src/ASF/common/services/sleepmgr/xmega/sleepmgr.o
 .debug_macro   0x0000b189       0x42 src/ASF/common/services/sleepmgr/xmega/sleepmgr.o
 .debug_macro   0x0000b1cb      0x234 src/ASF/common/services/spi/xmega_usart_spi/usart_spi.o
 .debug_macro   0x0000b3ff      0x1b5 src/ASF/xmega/boards/xmega_a3bu_xplained/init.o
 .debug_macro   0x0000b5b4       0x2e src/ASF/xmega/boards/xmega_a3bu_xplained/init.o
 .debug_macro   0x0000b5e2      0x2d2 src/ASF/xmega/boards/xmega_a3bu_xplained/init.o
 .debug_macro   0x0000b8b4      0x22f src/ASF/xmega/drivers/adc/adc.o
 .debug_macro   0x0000bae3       0x10 src/ASF/xmega/drivers/adc/adc.o
 .debug_macro   0x0000baf3       0x20 src/ASF/xmega/drivers/adc/adc.o
 .debug_macro   0x0000bb13       0xe3 src/ASF/xmega/drivers/adc/adc.o
 .debug_macro   0x0000bbf6      0x22f src/ASF/xmega/drivers/adc/xmega_aau/adc_aau.o
 .debug_macro   0x0000be25      0x198 src/ASF/xmega/drivers/twi/twim.o
 .debug_macro   0x0000bfbd       0x16 src/ASF/xmega/drivers/twi/twim.o
 .debug_macro   0x0000bfd3       0x22 src/ASF/xmega/drivers/twi/twim.o
 .debug_macro   0x0000bff5       0x10 src/ASF/xmega/drivers/twi/twim.o
 .debug_macro   0x0000c005      0x221 src/ASF/xmega/drivers/usart/usart.o
 .debug_macro   0x0000c226      0x106 src/FreeRTOS/list.o
 .debug_macro   0x0000c32c      0x119 src/FreeRTOS/portable/GCC/ATXMega256A3BU/port.o
 .debug_macro   0x0000c445       0x8e src/FreeRTOS/portable/GCC/ATXMega256A3BU/port.o
 .debug_macro   0x0000c4d3      0x121 src/FreeRTOS/portable/MemMang/heap_3.o
 .debug_macro   0x0000c5f4      0x17d src/FreeRTOS/queue.o
 .debug_macro   0x0000c771       0x20 src/FreeRTOS/queue.o
 .debug_macro   0x0000c791       0x80 src/FreeRTOS/queue.o
 .debug_macro   0x0000c811      0x1e6 src/FreeRTOS/tasks.o
 .debug_macro   0x0000c9f7       0x10 src/FreeRTOS/tasks.o
 .debug_macro   0x0000ca07      0x15b src/FreeRTOS/timers.o
 .debug_macro   0x0000cb62       0x97 src/FreeRTOS/timers.o
 .debug_macro   0x0000cbf9      0x4f8 src/main.o
 .debug_macro   0x0000d0f1       0x34 src/main.o
 .debug_macro   0x0000d125       0x16 src/main.o
 .debug_macro   0x0000d13b       0x46 src/main.o
 .debug_macro   0x0000d181       0x28 src/main.o
 .debug_macro   0x0000d1a9       0x1c src/main.o
 .debug_macro   0x0000d1c5       0x58 src/main.o
 .debug_macro   0x0000d21d       0x10 src/main.o
 .debug_macro   0x0000d22d       0xf2 src/main.o
 .debug_macro   0x0000d31f       0x69 src/main.o
OUTPUT(UAS.elf elf32-avr)
LOAD linker stubs

.BOOT           0x00040000        0x0
